// Jest Snapshot v1, https://goo.gl/fbAQLP

exports[`DateInput receives the correct props: Mon Sep 10 2018 1`] = `2018-09-10T06:02:20.000Z`;

exports[`DateInput renders the correct markup 1`] = `
<p
  class="dateInput"
  placeholder=""
>
  <label
    class="dateInput_label"
    for="dateInput"
  >
    Label
  </label>
   
  <input
    class="dateInput_input"
    id="dateInput"
    type="datetime-local"
  />
</p>
`;
