// Jest Snapshot v1, https://goo.gl/fbAQLP

exports[`ItemList renders a button title from query filter: features 1`] = `"feature"`;

exports[`ItemList renders the correct markup 1`] = `
<div
  class="itemList"
>
  <!---->
   
  <!---->
   
  <!---->
   
  <!---->
   
  <div
    class="itemList_header"
  >
    <span
      class="itemList_header-leftButtons"
    >
      <button
        class="itemList_header-button itemList_header-button-left itemList_header-button-sort"
      >
        <span>
          Sort
        </span>
      </button>
       
      <button
        class="itemList_header-button itemList_header-button-left"
      >
        
        Filter
      
      </button>
       
      <span
        class="itemList_header-filters"
      />
    </span>
     
    <button
      class="itemList_header-button"
    >
      
      Add {
  "default": ""
}
    
    </button>
  </div>
   
</div>
`;

exports[`ItemList triggers button to toggle dialog: true 1`] = `
Object {
  "add": false,
  "filter": false,
  "sort": true,
}
`;
