// Jest Snapshot v1, https://goo.gl/fbAQLP

exports[`PasswordInput receives the correct props: Text Input Test 1`] = `undefined`;

exports[`PasswordInput renders the correct markup 1`] = `
<p
  class="PasswordInput"
>
  <label
    class="PasswordInput_label"
    for="passwordInput"
  >
    Label
  </label>
   
  <input
    class="PasswordInput_input"
    id="passwordInput"
    placeholder=""
    type="password"
  />
</p>
`;
