// Jest Snapshot v1, https://goo.gl/fbAQLP

exports[`PasswordInput emits a change event: Test 1`] = `"Test"`;

exports[`PasswordInput receives the correct props 1`] = `""`;

exports[`PasswordInput receives the correct props: Label 1`] = `"Label"`;

exports[`PasswordInput receives the correct props: Text Input Test 1`] = `undefined`;

exports[`PasswordInput renders the correct markup 1`] = `
<p
  class="PasswordInput"
>
  <label
    class="PasswordInput_label"
    for="Label"
  >
    Label
  </label>
   
  <input
    autocomplete="off"
    class="PasswordInput_input"
    id="Label"
    placeholder=""
    type="password"
  />
</p>
`;
