// Jest Snapshot v1, https://goo.gl/fbAQLP

exports[`Header renders the correct markup 1`] = `
<div
  class="header"
>
  <h1
    class="header_title"
  >
    Todo
  </h1>
   
  <div
    class="header_nav"
  >
    <router-link-stub
      exact="true"
      to="/"
    >
      Home
    </router-link-stub>
     
    <router-link-stub
      to="/projects"
    >
      Projects
    </router-link-stub>
     
    <router-link-stub
      to="/board"
    >
      Boards
    </router-link-stub>
  </div>
</div>
`;
