// Jest Snapshot v1, https://goo.gl/fbAQLP

exports[`SelectInput receives the correct props 1`] = `
Object {
  "0": "Select Status",
  "1": "todo",
  "2": "inProgress",
  "3": "completed",
  "4": "closed",
}
`;

exports[`SelectInput receives the correct props: Selected Value 1`] = `"Selected Value"`;

exports[`SelectInput renders the correct markup 1`] = `
<p
  class="selectInput"
>
  <label
    class="selectInput_label"
    for="selectInput"
  >
    Label
  </label>
   
  <select
    class="selectInput_input"
    defaultvalue="Selected Value"
    id="selectInput"
  >
    <option
      value="Select Status"
    >
      Select Status
    </option>
    <option
      value="todo"
    >
      Todo
    </option>
    <option
      value="inProgress"
    >
      InProgress
    </option>
    <option
      value="completed"
    >
      Completed
    </option>
    <option
      value="closed"
    >
      Closed
    </option>
  </select>
</p>
`;
